// Jest Snapshot v1, https://goo.gl/fbAQLP

exports[`update-profile.vue should match snapshot 1`] = `
<section class="container container--fluid" id="user-profile">
  <div class="row justify-center">
    <div class="v-card--material pa-3 v-card v-sheet theme--light v-card--material--has-heading">
      <div class="d-flex grow flex-wrap">
        <div class="text-start v-card--material__heading mb-n6 v-sheet theme--dark elevation-6 info pa-7" style="width: 100%;">
          <div class="display-2 font-weight-light">
            Edit Profile
          </div>
          <div class="subtitle-1 font-weight-light">
            Complete your profile
          </div>
          <!---->
          <!---->
        </div>
        <!---->
      </div> <span> <!----> <!----></span>
      <form novalidate="novalidate" method="post" class="v-form">
        <div class="container py-0">
          <div class="row">
            <div class="col-md-6 col-12">
              <div class="v-input v-input--is-disabled theme--light v-text-field">
                <div class="v-input__control">
                  <div class="v-input__slot">
                    <div class="v-text-field__slot"><label for="input-9" class="v-label v-label--is-disabled theme--light" style="left: 0px; position: absolute;">User Name</label><input disabled="disabled" id="input-9" type="text"></div>
                  </div>
                  <div class="v-text-field__details">
                    <div class="v-messages theme--light">
                      <transition-group-stub tag="div" name="message-transition" class="v-messages__wrapper"></transition-group-stub>
                    </div>
                  </div>
                </div>
              </div>
            </div>
            <div class="col-md-6 col-12">
              <div class="v-input purple-input v-input--is-label-active v-input--is-dirty v-input--is-disabled theme--light v-text-field">
                <div class="v-input__control">
                  <div class="v-input__slot">
                    <div class="v-text-field__slot"><label for="input-12" class="v-label v-label--active v-label--is-disabled theme--light" style="left: 0px; position: absolute;">Password</label><input disabled="disabled" id="input-12" type="password"></div>
                  </div>
                  <div class="v-text-field__details">
                    <div class="v-messages theme--light">
                      <transition-group-stub tag="div" name="message-transition" class="v-messages__wrapper"></transition-group-stub>
                    </div>
                  </div>
                </div>
              </div>
              <router-link-stub to="/dashboard/account/change-password/" tag="a" activeclass="v-btn--active" exactactiveclass="v-btn--active" ariacurrentvalue="page" event="click" class="v-btn v-btn--router v-btn--text theme--light v-size--small blue--text text--darken-1"><span class="v-btn__content">
                Change password
              </span></router-link-stub>
            </div>
            <div class="col-md-6 col-12">
              <div class="v-input purple-input theme--light v-text-field">
                <div class="v-input__control">
                  <div class="v-input__slot">
                    <div class="v-text-field__slot"><label for="input-17" class="v-label theme--light" style="left: 0px; position: absolute;">Email Address</label><input id="input-17" type="text"></div>
                  </div>
                  <div class="v-text-field__details">
                    <div class="v-messages theme--light">
                      <transition-group-stub tag="div" name="message-transition" class="v-messages__wrapper"></transition-group-stub>
                    </div>
                  </div>
                </div>
              </div>
            </div>
            <div class="col-md-4 col-12">
              <div class="v-input purple-input theme--light v-text-field">
                <div class="v-input__control">
                  <div class="v-input__slot">
                    <div class="v-text-field__slot"><label for="input-20" class="v-label theme--light" style="left: 0px; position: absolute;">Mobile</label><input id="input-20" type="text"></div>
                  </div>
                  <div class="v-text-field__details">
                    <div class="v-messages theme--light">
                      <transition-group-stub tag="div" name="message-transition" class="v-messages__wrapper"></transition-group-stub>
                    </div>
                  </div>
                </div>
              </div>
              <!---->
            </div>
            <div class="col-md-6 col-12">
              <div class="v-input purple-input theme--light v-text-field">
                <div class="v-input__control">
                  <div class="v-input__slot">
                    <div class="v-text-field__slot"><label for="input-23" class="v-label theme--light" style="left: 0px; position: absolute;">First Name</label><input id="input-23" type="text"></div>
                  </div>
                  <div class="v-text-field__details">
                    <div class="v-messages theme--light">
                      <transition-group-stub tag="div" name="message-transition" class="v-messages__wrapper"></transition-group-stub>
                    </div>
                  </div>
                </div>
              </div>
            </div>
            <div class="col-md-6 col-12">
              <div class="v-input purple-input theme--light v-text-field">
                <div class="v-input__control">
                  <div class="v-input__slot">
                    <div class="v-text-field__slot"><label for="input-26" class="v-label theme--light" style="left: 0px; position: absolute;">Last Name</label><input id="input-26" type="text"></div>
                  </div>
                  <div class="v-text-field__details">
                    <div class="v-messages theme--light">
                      <transition-group-stub tag="div" name="message-transition" class="v-messages__wrapper"></transition-group-stub>
                    </div>
                  </div>
                </div>
              </div>
            </div>
            <div class="col col-12">
              <div class="v-input purple-input theme--light v-text-field">
                <div class="v-input__control">
                  <div class="v-input__slot">
                    <div class="v-text-field__slot"><label for="input-29" class="v-label theme--light" style="left: 0px; position: absolute;">Street Address</label><input id="input-29" type="text"></div>
                  </div>
                  <div class="v-text-field__details">
                    <div class="v-messages theme--light">
                      <transition-group-stub tag="div" name="message-transition" class="v-messages__wrapper"></transition-group-stub>
                    </div>
                  </div>
                </div>
              </div>
            </div>
            <div class="col-md-4 col-12">
              <div class="v-input purple-input theme--light v-text-field">
                <div class="v-input__control">
                  <div class="v-input__slot">
                    <div class="v-text-field__slot"><label for="input-32" class="v-label theme--light" style="left: 0px; position: absolute;">City</label><input id="input-32" type="text"></div>
                  </div>
                  <div class="v-text-field__details">
                    <div class="v-messages theme--light">
                      <transition-group-stub tag="div" name="message-transition" class="v-messages__wrapper"></transition-group-stub>
                    </div>
                  </div>
                </div>
              </div>
            </div>
            <div class="col-md-4 col-12">
              <div class="v-input purple-input theme--light v-text-field v-select">
                <div class="v-input__control">
                  <div role="button" aria-haspopup="listbox" aria-expanded="false" aria-owns="list-35" class="v-input__slot">
                    <div class="v-select__slot"><label for="input-35" class="v-label theme--light" style="left: 0px; position: absolute;">Country</label>
                      <div class="v-select__selections"><input id="input-35" readonly="readonly" type="text" aria-readonly="false" autocomplete="off"></div>
                      <div class="v-input__append-inner">
                        <div class="v-input__icon v-input__icon--append"><i aria-hidden="true" class="v-icon notranslate mdi mdi-menu-down theme--light"></i></div>
                      </div><input type="hidden">
                    </div>
                    <div class="v-menu">
                      <!---->
                    </div>
                  </div>
                  <div class="v-text-field__details">
                    <div class="v-messages theme--light">
                      <transition-group-stub tag="div" name="message-transition" class="v-messages__wrapper"></transition-group-stub>
                    </div>
                  </div>
                </div>
              </div>
            </div>
            <div class="col-md-4 col-12">
              <div class="v-input purple-input theme--light v-text-field">
                <div class="v-input__control">
                  <div class="v-input__slot">
                    <div class="v-text-field__slot"><label for="input-40" class="v-label theme--light" style="left: 0px; position: absolute;">Postal Code</label><input id="input-40" type="text"></div>
                  </div>
                  <div class="v-text-field__details">
                    <div class="v-messages theme--light">
                      <transition-group-stub tag="div" name="message-transition" class="v-messages__wrapper"></transition-group-stub>
                    </div>
                  </div>
                </div>
              </div>
            </div>
            <div class="col-md-4 col-12">
              <div class="v-input theme--light v-text-field v-select">
                <div class="v-input__control">
                  <div role="button" aria-haspopup="listbox" aria-expanded="false" aria-owns="list-43" class="v-input__slot">
                    <div class="v-select__slot"><label for="input-43" class="v-label theme--light" style="left: 0px; position: absolute;">Language</label>
                      <div class="v-select__selections"><input id="input-43" readonly="readonly" type="text" aria-readonly="false" autocomplete="off"></div>
                      <div class="v-input__append-inner">
                        <div class="v-input__icon v-input__icon--append"><i aria-hidden="true" class="v-icon notranslate mdi mdi-menu-down theme--light"></i></div>
                      </div><input type="hidden">
                    </div>
                    <div class="v-menu">
                      <!---->
                    </div>
                  </div>
                  <div class="v-text-field__details">
                    <div class="v-messages theme--light">
                      <transition-group-stub tag="div" name="message-transition" class="v-messages__wrapper"></transition-group-stub>
                    </div>
                  </div>
                </div>
              </div>
            </div>
            <div class="text-right col col-12"><button type="submit" class="mr-0 v-btn v-btn--is-elevated v-btn--has-bg theme--light v-size--default info"><span class="v-btn__content">
                Update Profile
              </span></button></div>
          </div>
        </div>
      </form>
      <!---->
    </div>
  </div>
</section>
`;
